Category: 📺央视频道, Name: CCTV-1, Total: 33, Valid: 11, Valid Percent: 33.33%, Whitelist: 0, IPv4: 33, IPv6: 0, Min Delay: 110 ms, Max Speed: 8.78 M/s, Avg Speed: 2.68 M/s, Max Resolution: 1920x1080
Category: 📺央视频道, Name: CCTV-2, Total: 26, Valid: 13, Valid Percent: 50.00%, Whitelist: 0, IPv4: 26, IPv6: 0, Min Delay: 130 ms, Max Speed: 8.31 M/s, Avg Speed: 2.77 M/s, Max Resolution: 1920x1080
Category: 📺央视频道, Name: CCTV-3, Total: 28, Valid: 13, Valid Percent: 46.43%, Whitelist: 0, IPv4: 28, IPv6: 0, Min Delay: 116 ms, Max Speed: 8.31 M/s, Avg Speed: 1.68 M/s, Max Resolution: 1920x1080
Category: 📺央视频道, Name: CCTV-4, Total: 22, Valid: 10, Valid Percent: 45.45%, Whitelist: 0, IPv4: 22, IPv6: 0, Min Delay: 119 ms, Max Speed: 8.23 M/s, Avg Speed: 1.99 M/s, Max Resolution: 3840x2160
Category: 📺央视频道, Name: CCTV-5, Total: 34, Valid: 15, Valid Percent: 44.12%, Whitelist: 0, IPv4: 34, IPv6: 0, Min Delay: 113 ms, Max Speed: 9.36 M/s, Avg Speed: 4.15 M/s, Max Resolution: 1920x1080
Category: 📺央视频道, Name: CCTV-5+, Total: 22, Valid: 8, Valid Percent: 36.36%, Whitelist: 0, IPv4: 22, IPv6: 0, Min Delay: 232 ms, Max Speed: 0.22 M/s, Avg Speed: 0.09 M/s, Max Resolution: 1920x1080
Category: 📺央视频道, Name: CCTV-6, Total: 24, Valid: 9, Valid Percent: 37.50%, Whitelist: 0, IPv4: 24, IPv6: 0, Min Delay: 142 ms, Max Speed: 9.15 M/s, Avg Speed: 2.45 M/s, Max Resolution: 1920x1080
Category: 📺央视频道, Name: CCTV-7, Total: 27, Valid: 10, Valid Percent: 37.04%, Whitelist: 0, IPv4: 27, IPv6: 0, Min Delay: 128 ms, Max Speed: 11.01 M/s, Avg Speed: 3.34 M/s, Max Resolution: 1920x1080
Category: 📺央视频道, Name: CCTV-8, Total: 26, Valid: 10, Valid Percent: 38.46%, Whitelist: 0, IPv4: 26, IPv6: 0, Min Delay: 126 ms, Max Speed: 9.27 M/s, Avg Speed: 1.82 M/s, Max Resolution: 1920x1080
Category: 📺央视频道, Name: CCTV-9, Total: 26, Valid: 11, Valid Percent: 42.31%, Whitelist: 0, IPv4: 26, IPv6: 0, Min Delay: 118 ms, Max Speed: 8.64 M/s, Avg Speed: 1.93 M/s, Max Resolution: 1920x1080
Category: 📺央视频道, Name: CCTV-10, Total: 25, Valid: 10, Valid Percent: 40.00%, Whitelist: 0, IPv4: 25, IPv6: 0, Min Delay: 115 ms, Max Speed: 9.78 M/s, Avg Speed: 3.26 M/s, Max Resolution: 1920x1080
Category: 📺央视频道, Name: CCTV-11, Total: 22, Valid: 8, Valid Percent: 36.36%, Whitelist: 0, IPv4: 22, IPv6: 0, Min Delay: 117 ms, Max Speed: 11.26 M/s, Avg Speed: 3.79 M/s, Max Resolution: 1920x1080
Category: 📺央视频道, Name: CCTV-12, Total: 25, Valid: 10, Valid Percent: 40.00%, Whitelist: 0, IPv4: 25, IPv6: 0, Min Delay: 136 ms, Max Speed: 12.89 M/s, Avg Speed: 3.42 M/s, Max Resolution: 1920x1080
Category: 📺央视频道, Name: CCTV-13, Total: 22, Valid: 7, Valid Percent: 31.82%, Whitelist: 0, IPv4: 22, IPv6: 0, Min Delay: 130 ms, Max Speed: 8.53 M/s, Avg Speed: 1.90 M/s, Max Resolution: 1920x1080
Category: 📺央视频道, Name: CCTV-14, Total: 27, Valid: 11, Valid Percent: 40.74%, Whitelist: 0, IPv4: 27, IPv6: 0, Min Delay: 132 ms, Max Speed: 15.88 M/s, Avg Speed: 4.01 M/s, Max Resolution: 1920x1080
Category: 📺央视频道, Name: CCTV-15, Total: 25, Valid: 10, Valid Percent: 40.00%, Whitelist: 0, IPv4: 25, IPv6: 0, Min Delay: 112 ms, Max Speed: 14.76 M/s, Avg Speed: 3.77 M/s, Max Resolution: 1920x1080
Category: 📺央视频道, Name: CCTV-16, Total: 20, Valid: 8, Valid Percent: 40.00%, Whitelist: 0, IPv4: 20, IPv6: 0, Min Delay: 118 ms, Max Speed: 12.08 M/s, Avg Speed: 4.64 M/s, Max Resolution: 1920x1080
Category: 📺央视频道, Name: CCTV-17, Total: 21, Valid: 8, Valid Percent: 38.10%, Whitelist: 0, IPv4: 21, IPv6: 0, Min Delay: 141 ms, Max Speed: 7.80 M/s, Avg Speed: 3.33 M/s, Max Resolution: 1920x1080
Category: 📺央视频道, Name: CETV-1, Total: 12, Valid: 2, Valid Percent: 16.67%, Whitelist: 0, IPv4: 12, IPv6: 0, Min Delay: 483 ms, Max Speed: 0.15 M/s, Avg Speed: 0.08 M/s, Max Resolution: 1920x1080
Category: 📺央视频道, Name: CETV-4, Total: 11, Valid: 1, Valid Percent: 9.09%, Whitelist: 0, IPv4: 11, IPv6: 0, Min Delay: 488 ms, Max Speed: 0.02 M/s, Avg Speed: 0.02 M/s, Max Resolution: 1920x1080
Category: 📡卫视频道, Name: 浙江卫视, Total: 23, Valid: 12, Valid Percent: 52.17%, Whitelist: 0, IPv4: 23, IPv6: 0, Min Delay: 110 ms, Max Speed: 12.02 M/s, Avg Speed: 3.61 M/s, Max Resolution: 1920x1080
Category: 📡卫视频道, Name: 湖南卫视, Total: 33, Valid: 15, Valid Percent: 45.45%, Whitelist: 0, IPv4: 33, IPv6: 0, Min Delay: 33 ms, Max Speed: 12.40 M/s, Avg Speed: 2.72 M/s, Max Resolution: 3840x2160
Category: 📡卫视频道, Name: 江苏卫视, Total: 20, Valid: 9, Valid Percent: 45.00%, Whitelist: 0, IPv4: 20, IPv6: 0, Min Delay: 258 ms, Max Speed: 14.40 M/s, Avg Speed: 3.16 M/s, Max Resolution: 1920x1080
Category: 📡卫视频道, Name: 东方卫视, Total: 20, Valid: 10, Valid Percent: 50.00%, Whitelist: 0, IPv4: 20, IPv6: 0, Min Delay: 156 ms, Max Speed: 13.04 M/s, Avg Speed: 5.35 M/s, Max Resolution: 1920x1080
Category: 📡卫视频道, Name: 广东卫视, Total: 27, Valid: 11, Valid Percent: 40.74%, Whitelist: 0, IPv4: 27, IPv6: 0, Min Delay: 113 ms, Max Speed: 72.82 M/s, Avg Speed: 9.11 M/s, Max Resolution: 1920x1080
Category: 📡卫视频道, Name: 北京卫视, Total: 27, Valid: 12, Valid Percent: 44.44%, Whitelist: 0, IPv4: 27, IPv6: 0, Min Delay: 33 ms, Max Speed: 12.24 M/s, Avg Speed: 2.98 M/s, Max Resolution: 3840x2160
Category: 📡卫视频道, Name: 湖北卫视, Total: 17, Valid: 6, Valid Percent: 35.29%, Whitelist: 0, IPv4: 17, IPv6: 0, Min Delay: 108 ms, Max Speed: 8.80 M/s, Avg Speed: 2.46 M/s, Max Resolution: 1920x1080
Category: 📡卫视频道, Name: 黑龙江卫视, Total: 17, Valid: 7, Valid Percent: 41.18%, Whitelist: 0, IPv4: 17, IPv6: 0, Min Delay: 123 ms, Max Speed: 8.75 M/s, Avg Speed: 1.37 M/s, Max Resolution: 1920x1080
Category: 📡卫视频道, Name: 安徽卫视, Total: 17, Valid: 8, Valid Percent: 47.06%, Whitelist: 0, IPv4: 17, IPv6: 0, Min Delay: 124 ms, Max Speed: 14.49 M/s, Avg Speed: 3.60 M/s, Max Resolution: 1920x1080
Category: 📡卫视频道, Name: 重庆卫视, Total: 19, Valid: 8, Valid Percent: 42.11%, Whitelist: 0, IPv4: 19, IPv6: 0, Min Delay: 400 ms, Max Speed: 5.36 M/s, Avg Speed: 0.73 M/s, Max Resolution: 1920x1080
Category: 📡卫视频道, Name: 东南卫视, Total: 16, Valid: 5, Valid Percent: 31.25%, Whitelist: 0, IPv4: 16, IPv6: 0, Min Delay: 902 ms, Max Speed: 3.63 M/s, Avg Speed: 0.89 M/s, Max Resolution: 1920x1080
Category: 📡卫视频道, Name: 甘肃卫视, Total: 16, Valid: 6, Valid Percent: 37.50%, Whitelist: 0, IPv4: 16, IPv6: 0, Min Delay: 118 ms, Max Speed: 12.38 M/s, Avg Speed: 3.52 M/s, Max Resolution: 1920x1080
Category: 📡卫视频道, Name: 广西卫视, Total: 19, Valid: 8, Valid Percent: 42.11%, Whitelist: 0, IPv4: 19, IPv6: 0, Min Delay: 118 ms, Max Speed: 10.47 M/s, Avg Speed: 3.40 M/s, Max Resolution: 1920x1080
Category: 📡卫视频道, Name: 贵州卫视, Total: 17, Valid: 6, Valid Percent: 35.29%, Whitelist: 0, IPv4: 17, IPv6: 0, Min Delay: 123 ms, Max Speed: 12.57 M/s, Avg Speed: 4.10 M/s, Max Resolution: 1920x1080
Category: 📡卫视频道, Name: 海南卫视, Total: 16, Valid: 6, Valid Percent: 37.50%, Whitelist: 0, IPv4: 16, IPv6: 0, Min Delay: 1998 ms, Max Speed: 1.21 M/s, Avg Speed: 0.59 M/s, Max Resolution: 1920x1080
Category: 📡卫视频道, Name: 河北卫视, Total: 19, Valid: 8, Valid Percent: 42.11%, Whitelist: 0, IPv4: 19, IPv6: 0, Min Delay: 1896 ms, Max Speed: 2.46 M/s, Avg Speed: 0.42 M/s, Max Resolution: 1920x1080
Category: 📡卫视频道, Name: 河南卫视, Total: 19, Valid: 9, Valid Percent: 47.37%, Whitelist: 0, IPv4: 19, IPv6: 0, Min Delay: 94 ms, Max Speed: 6.77 M/s, Avg Speed: 0.85 M/s, Max Resolution: 1920x1080
Category: 📡卫视频道, Name: 吉林卫视, Total: 15, Valid: 4, Valid Percent: 26.67%, Whitelist: 0, IPv4: 15, IPv6: 0, Min Delay: 317 ms, Max Speed: 16.23 M/s, Avg Speed: 5.68 M/s, Max Resolution: 1920x1080
Category: 📡卫视频道, Name: 江西卫视, Total: 19, Valid: 6, Valid Percent: 31.58%, Whitelist: 0, IPv4: 19, IPv6: 0, Min Delay: 132 ms, Max Speed: 15.34 M/s, Avg Speed: 4.85 M/s, Max Resolution: 1920x1080
Category: 📡卫视频道, Name: 辽宁卫视, Total: 19, Valid: 9, Valid Percent: 47.37%, Whitelist: 0, IPv4: 19, IPv6: 0, Min Delay: 121 ms, Max Speed: 9.17 M/s, Avg Speed: 2.87 M/s, Max Resolution: 1920x1080
Category: 📡卫视频道, Name: 内蒙古卫视, Total: 18, Valid: 8, Valid Percent: 44.44%, Whitelist: 0, IPv4: 18, IPv6: 0, Min Delay: 110 ms, Max Speed: 8.77 M/s, Avg Speed: 2.03 M/s, Max Resolution: 1920x1080
Category: 📡卫视频道, Name: 宁夏卫视, Total: 14, Valid: 5, Valid Percent: 35.71%, Whitelist: 0, IPv4: 14, IPv6: 0, Min Delay: 248 ms, Max Speed: 10.55 M/s, Avg Speed: 2.27 M/s, Max Resolution: 1920x1080
Category: 📡卫视频道, Name: 青海卫视, Total: 15, Valid: 4, Valid Percent: 26.67%, Whitelist: 0, IPv4: 15, IPv6: 0, Min Delay: 239 ms, Max Speed: 11.76 M/s, Avg Speed: 4.48 M/s, Max Resolution: 1920x1080
Category: 📡卫视频道, Name: 山东卫视, Total: 22, Valid: 12, Valid Percent: 54.55%, Whitelist: 0, IPv4: 22, IPv6: 0, Min Delay: 116 ms, Max Speed: 12.57 M/s, Avg Speed: 1.87 M/s, Max Resolution: 1920x1080
Category: 📡卫视频道, Name: 山西卫视, Total: 14, Valid: 6, Valid Percent: 42.86%, Whitelist: 0, IPv4: 14, IPv6: 0, Min Delay: 125 ms, Max Speed: 8.24 M/s, Avg Speed: 3.87 M/s, Max Resolution: 1920x1080
Category: 📡卫视频道, Name: 陕西卫视, Total: 12, Valid: 4, Valid Percent: 33.33%, Whitelist: 0, IPv4: 12, IPv6: 0, Min Delay: 115 ms, Max Speed: 8.35 M/s, Avg Speed: 3.19 M/s, Max Resolution: 1920x1080
Category: 📡卫视频道, Name: 四川卫视, Total: 30, Valid: 12, Valid Percent: 40.00%, Whitelist: 0, IPv4: 30, IPv6: 0, Min Delay: 39 ms, Max Speed: 9.46 M/s, Avg Speed: 1.78 M/s, Max Resolution: 1920x1080
Category: 📡卫视频道, Name: 三沙卫视, Total: 7, Valid: 3, Valid Percent: 42.86%, Whitelist: 0, IPv4: 7, IPv6: 0, Min Delay: 325 ms, Max Speed: 15.75 M/s, Avg Speed: 5.71 M/s, Max Resolution: 1920x1080
Category: 📡卫视频道, Name: 深圳卫视, Total: 27, Valid: 16, Valid Percent: 59.26%, Whitelist: 0, IPv4: 27, IPv6: 0, Min Delay: 108 ms, Max Speed: 13.46 M/s, Avg Speed: 1.93 M/s, Max Resolution: 1920x1080
Category: 📡卫视频道, Name: 天津卫视, Total: 23, Valid: 12, Valid Percent: 52.17%, Whitelist: 0, IPv4: 23, IPv6: 0, Min Delay: 143 ms, Max Speed: 13.09 M/s, Avg Speed: 2.23 M/s, Max Resolution: 1920x1080
Category: 📡卫视频道, Name: 西藏卫视, Total: 15, Valid: 6, Valid Percent: 40.00%, Whitelist: 0, IPv4: 15, IPv6: 0, Min Delay: 115 ms, Max Speed: 8.68 M/s, Avg Speed: 1.67 M/s, Max Resolution: 1920x1080
Category: 📡卫视频道, Name: 新疆卫视, Total: 22, Valid: 6, Valid Percent: 27.27%, Whitelist: 0, IPv4: 22, IPv6: 0, Min Delay: 113 ms, Max Speed: 8.77 M/s, Avg Speed: 2.98 M/s, Max Resolution: 1920x1080
Category: 📡卫视频道, Name: 云南卫视, Total: 21, Valid: 9, Valid Percent: 42.86%, Whitelist: 0, IPv4: 21, IPv6: 0, Min Delay: 119 ms, Max Speed: 8.37 M/s, Avg Speed: 2.38 M/s, Max Resolution: 1920x1080
Category: ☘️福建频道, Name: 福建公共, Total: 3, Valid: 1, Valid Percent: 33.33%, Whitelist: 0, IPv4: 3, IPv6: 0, Min Delay: 682 ms, Max Speed: 0.12 M/s, Avg Speed: 0.12 M/s, Max Resolution: 1920x1080
Category: ☘️福建频道, Name: 东南卫视, Total: 9, Valid: 1, Valid Percent: 11.11%, Whitelist: 0, IPv4: 9, IPv6: 0, Min Delay: 115 ms, Max Speed: 8.54 M/s, Avg Speed: 8.54 M/s, Max Resolution: 1920x1080
Category: ☘️福建频道, Name: 福建新闻, Total: 4, Valid: 1, Valid Percent: 25.00%, Whitelist: 0, IPv4: 4, IPv6: 0, Min Delay: 33 ms, Max Speed: 2.57 M/s, Avg Speed: 2.57 M/s, Max Resolution: None
Category: ☘️福建频道, Name: 福建经济, Total: 5, Valid: 1, Valid Percent: 20.00%, Whitelist: 0, IPv4: 5, IPv6: 0, Min Delay: 40 ms, Max Speed: 2.72 M/s, Avg Speed: 2.72 M/s, Max Resolution: None
Category: ☘️福建频道, Name: 福建旅游, Total: 7, Valid: 1, Valid Percent: 14.29%, Whitelist: 0, IPv4: 7, IPv6: 0, Min Delay: 476 ms, Max Speed: 0.05 M/s, Avg Speed: 0.05 M/s, Max Resolution: 1920x1080
Category: ☘️福建频道, Name: 海峡卫视, Total: 6, Valid: 3, Valid Percent: 50.00%, Whitelist: 0, IPv4: 6, IPv6: 0, Min Delay: 2872 ms, Max Speed: 2.10 M/s, Avg Speed: 1.15 M/s, Max Resolution: 1920x1080
